Hello 2012-09-11 14:11

Hi there 14:39